// Jest Snapshot v1, https://goo.gl/fbAQLP

exports[`Button Component Button renders 1`] = `
<div>
  <button
    class="MuiButtonBase-root MuiButton-root MuiButton-contained MuiButton-containedError MuiButton-sizeLarge MuiButton-containedSizeLarge MuiButton-fullWidth MuiButton-root MuiButton-contained MuiButton-containedError MuiButton-sizeLarge MuiButton-containedSizeLarge MuiButton-fullWidth css-ceotk2-MuiButtonBase-root-MuiButton-root"
    tabindex="0"
    type="button"
  >
    <span
      class="MuiTouchRipple-root css-8je8zh-MuiTouchRipple-root"
    />
  </button>
</div>
`;
