// Jest Snapshot v1, https://goo.gl/fbAQLP

exports[`Field Component Field renders 1`] = `
<div>
  <div
    class="MuiBox-root css-nza37f"
  >
    <img
      class=""
      src=""
      style="background-repeat: no-repeat; margin: auto;"
    />
  </div>
</div>
`;
