// Jest Snapshot v1, https://goo.gl/fbAQLP

exports[`MapScreen Component MapScreen renders 1`] = `
<div>
  <div
    class="MuiBox-root css-0"
  >
    <div
      class="MuiContainer-root MuiContainer-maxWidthMd css-xdmu94-MuiContainer-root"
    >
      <div
        class="css-1hfk0uz-MuiStack-root"
      >
        <img
          alt="title"
          class="header-img"
          src="./themes/pony/title.png"
          style="display: block; height: 110px; object-fit: contain;"
        />
      </div>
    </div>
  </div>
  <div
    class="MuiBox-root css-0"
  >
    <div
      class="MuiContainer-root MuiContainer-maxWidthMd css-xdmu94-MuiContainer-root"
    >
      <div
        class="css-1g7egad-MuiStack-root"
      >
        <span
          class="MuiCircularProgress-root MuiCircularProgress-indeterminate MuiCircularProgress-colorInherit css-6wp6db-MuiCircularProgress-root"
          role="progressbar"
          style="width: 150px; height: 150px;"
        >
          <svg
            class="MuiCircularProgress-svg css-1idz92c-MuiCircularProgress-svg"
            viewBox="22 22 44 44"
          >
            <circle
              class="MuiCircularProgress-circle MuiCircularProgress-circleIndeterminate css-176wh8e-MuiCircularProgress-circle"
              cx="44"
              cy="44"
              fill="none"
              r="20.2"
              stroke-width="3.6"
            />
          </svg>
        </span>
      </div>
    </div>
    <div
      class="MuiContainer-root MuiContainer-maxWidthXs css-nzinn5-MuiContainer-root"
    >
      <div
        class="css-1dzvji0-MuiStack-root"
      >
        <button
          class="MuiButtonBase-root MuiButton-root MuiLoadingButton-root MuiLoadingButton-loading MuiButton-contained MuiButton-containedError MuiButton-sizeLarge MuiButton-containedSizeLarge MuiButton-fullWidth Mui-disabled MuiButton-root MuiLoadingButton-root MuiLoadingButton-loading MuiButton-contained MuiButton-containedError MuiButton-sizeLarge MuiButton-containedSizeLarge MuiButton-fullWidth css-dat04h-MuiButtonBase-root-MuiButton-root-MuiLoadingButton-root"
          disabled=""
          id=":r1:"
          tabindex="-1"
          type="button"
        >
          <div
            class="MuiLoadingButton-loadingIndicator MuiLoadingButton-loadingIndicatorCenter css-1yt7yx7-MuiLoadingButton-loadingIndicator"
          >
            <span
              class="MuiCircularProgress-root MuiCircularProgress-indeterminate MuiCircularProgress-colorInherit css-18hgnlm-MuiCircularProgress-root"
              role="progressbar"
              style="width: 25px; height: 25px;"
            >
              <svg
                class="MuiCircularProgress-svg css-1idz92c-MuiCircularProgress-svg"
                viewBox="22 22 44 44"
              >
                <circle
                  class="MuiCircularProgress-circle MuiCircularProgress-circleIndeterminate css-176wh8e-MuiCircularProgress-circle"
                  cx="44"
                  cy="44"
                  fill="none"
                  r="20.2"
                  stroke-width="3.6"
                />
              </svg>
            </span>
          </div>
          HERO TURN
        </button>
      </div>
    </div>
  </div>
  <div
    class="footer MuiBox-root css-0"
  >
    <div
      class="MuiBox-root css-14o9fmd"
    >
      <ul>
        <li>
          <a
            class="MuiTypography-root MuiTypography-inherit MuiLink-root MuiLink-underlineAlways css-1cghntr-MuiTypography-root-MuiLink-root"
            href="https://www.linkedin.com/in/roland-p%C3%A1kai-6a2041249/"
            target="_blank"
          >
            <svg
              aria-hidden="true"
              class="MuiSvgIcon-root MuiSvgIcon-fontSizeMedium css-i4bv87-MuiSvgIcon-root"
              data-testid="LinkedInIcon"
              focusable="false"
              viewBox="0 0 24 24"
            >
              <path
                d="M19 3a2 2 0 0 1 2 2v14a2 2 0 0 1-2 2H5a2 2 0 0 1-2-2V5a2 2 0 0 1 2-2h14m-.5 15.5v-5.3a3.26 3.26 0 0 0-3.26-3.26c-.85 0-1.84.52-2.32 1.3v-1.11h-2.79v8.37h2.79v-4.93c0-.77.62-1.4 1.39-1.4a1.4 1.4 0 0 1 1.4 1.4v4.93h2.79M6.88 8.56a1.68 1.68 0 0 0 1.68-1.68c0-.93-.75-1.69-1.68-1.69a1.69 1.69 0 0 0-1.69 1.69c0 .93.76 1.68 1.69 1.68m1.39 9.94v-8.37H5.5v8.37h2.77z"
              />
            </svg>
          </a>
        </li>
        <li>
          <a
            class="MuiTypography-root MuiTypography-inherit MuiLink-root MuiLink-underlineAlways css-1cghntr-MuiTypography-root-MuiLink-root"
            href="https://github.com/rolandpakai/ponypanic"
            target="_blank"
          >
            <svg
              aria-hidden="true"
              class="MuiSvgIcon-root MuiSvgIcon-fontSizeMedium css-i4bv87-MuiSvgIcon-root"
              data-testid="GitHubIcon"
              focusable="false"
              viewBox="0 0 24 24"
            >
              <path
                d="M12 1.27a11 11 0 00-3.48 21.46c.55.09.73-.28.73-.55v-1.84c-3.03.64-3.67-1.46-3.67-1.46-.55-1.29-1.28-1.65-1.28-1.65-.92-.65.1-.65.1-.65 1.1 0 1.73 1.1 1.73 1.1.92 1.65 2.57 1.2 3.21.92a2 2 0 01.64-1.47c-2.47-.27-5.04-1.19-5.04-5.5 0-1.1.46-2.1 1.2-2.84a3.76 3.76 0 010-2.93s.91-.28 3.11 1.1c1.8-.49 3.7-.49 5.5 0 2.1-1.38 3.02-1.1 3.02-1.1a3.76 3.76 0 010 2.93c.83.74 1.2 1.74 1.2 2.94 0 4.21-2.57 5.13-5.04 5.4.45.37.82.92.82 2.02v3.03c0 .27.1.64.73.55A11 11 0 0012 1.27"
              />
            </svg>
          </a>
        </li>
      </ul>
    </div>
    <div
      class="MuiBox-root css-43ntcj"
    >
      <div
        class="MuiInputBase-root MuiOutlinedInput-root MuiInputBase-colorPrimary  css-1yk1gt9-MuiInputBase-root-MuiOutlinedInput-root-MuiSelect-root"
      >
        <div
          aria-expanded="false"
          aria-haspopup="listbox"
          class="MuiSelect-select MuiSelect-outlined MuiInputBase-input MuiOutlinedInput-input css-11u53oe-MuiSelect-select-MuiInputBase-input-MuiOutlinedInput-input"
          role="button"
          tabindex="0"
        >
          Pony
        </div>
        <input
          aria-hidden="true"
          class="MuiSelect-nativeInput css-yf8vq0-MuiSelect-nativeInput"
          tabindex="-1"
          value="pony"
        />
        <svg
          aria-hidden="true"
          class="MuiSvgIcon-root MuiSvgIcon-fontSizeMedium MuiSelect-icon MuiSelect-iconOutlined css-hfutr2-MuiSvgIcon-root-MuiSelect-icon"
          data-testid="ArrowDropDownIcon"
          focusable="false"
          viewBox="0 0 24 24"
        >
          <path
            d="M7 10l5 5 5-5z"
          />
        </svg>
        <fieldset
          aria-hidden="true"
          class="MuiOutlinedInput-notchedOutline css-1d3z3hw-MuiOutlinedInput-notchedOutline"
        >
          <legend
            class="css-ihdtdm"
          >
            <span
              class="notranslate"
            >
              â€‹
            </span>
          </legend>
        </fieldset>
      </div>
    </div>
  </div>
</div>
`;
