// Jest Snapshot v1, https://goo.gl/fbAQLP

exports[`PopupDialog Component PopupDialog renders 1`] = `
<div
  aria-hidden="true"
/>
`;
